Script started on 2022-10-02 22:09:30+00:00 [TERM="xterm-256color" TTY="/dev/pts/0" COLUMNS="202" LINES="49"]
]0;~/MainDirectoryFolder/CISC-3142[01;34m~/MainDirectoryFolder/CISC-3142[00m$ scriptreplay --timing=time-$(date +%F).txt script-$(date +%F).log 

]0;~/MainDirectoryFolder/CISC-3142[01;34m~/MainDirectoryFolder/CISC-3142[00m$ git add _[K-A
]0;~/MainDirectoryFolder/CISC-3142[01;34m~/MainDirectoryFolder/CISC-3142[00m$ git add -u
]0;~/MainDirectoryFolder/CISC-3142[01;34m~/MainDirectoryFolder/CISC-3142[00m$ git co,[Kmmit -m [K[K[K[K[K[K[K[K[K[K[K[K[K[Kmake
Makefile:2: *** missing separator.  Stop.
]0;~/MainDirectoryFolder/CISC-3142[01;34m~/MainDirectoryFolder/CISC-3142[00m$ make Ex4
Makefile:2: *** missing separator.  Stop.
]0;~/MainDirectoryFolder/CISC-3142[01;34m~/MainDirectoryFolder/CISC-3142[00m$ cat -e -t -v makefile_name
cat: makefile_name: No such file or directory
]0;~/MainDirectoryFolder/CISC-3142[01;34m~/MainDirectoryFolder/CISC-3142[00m$ cat -e -t -v makefile_name[K[K[K[K[K[K[K[K[K[K[K[K[KMakefile
setup:$
mkdir -p $(./Ex2)/bin$
$
Ex4:$
^Iecho "running program Ex3.17\n"$
^Imake compile-file-input dir="Ex4" f="Ex3.17.cpp" inputfile="inputfile317"$
^Icd ..$
$
^Iecho "running program Ex3.23\n"$
^Imake compile-file-only dir="Ex4" f="Ex3.23.cpp"$
^Icd ..$
$
^Iecho "running program Ex4.28\n"$
^Imake compile-file-only dir="Ex4" f="Ex4.28.cpp"$
^Icd ..$
$
^Iecho "running program Practice Problem 1\n"$
^Imake compile-file-input dir="Ex4" f="inflation" inputfile="inputfilep1"$
^Icd ..$
$
^Iecho "running program Practice Problem 2\n"$
^Imake compile-file-input dir="Ex4" f="Nutrition" inputfile="inputfilep2"$
^Icd ..$
$
Ex2:$
^I$(./Ex2)/bin/task1_1.o $(./Ex2)/bin/task1_2.o $(./Ex2)/bin/task1_3.o$
^I@echo "Running program Ex1.11 (for loop):"$
^I$(./Ex2)/bin/Ex1.11(for).o$
^I@echo$
^I@echo "Running program Ex1.11 (while loop):"$
^I$(./Ex2)/bin/Ex1.11(while).o$
^I@echo$
^I@echo "Running program Ex1.5:"$
^I$(./Ex2)/bin/Ex1.5.o$
^I@echo$
$
compile-file: $
^Icd ${dir} && g++ ${f}.cpp -o ${f} $
^Icd ${dir} && ./${f} < inputfile$
$
$
compile-file-only: $
^Icd ${dir} && g++ ${f}.cpp -o ${f} $
^Icd ${dir} && ./${f}$
$
compile-file-input: $
^Icd ${dir} && g++ ${f}.cpp -o ${f} $
^Icd ${dir} && ./${f} < ${inputfile}$
$
@hello:$
^Iecho "Hello, World"]0;~/MainDirectoryFolder/CISC-3142[01;34m~/MainDirectoryFolder/CISC-3142[00m$ make Makefile
Makefile:2: *** missing separator.  Stop.
]0;~/MainDirectoryFolder/CISC-3142[01;34m~/MainDirectoryFolder/CISC-3142[00m$ make Ex4
Makefile:2: *** missing separator.  Stop.
]0;~/MainDirectoryFolder/CISC-3142[01;34m~/MainDirectoryFolder/CISC-3142[00m$ cd[K[Kls
[0m[01;34mEx1[0m  [01;34mEx2[0m  [01;34mEx3[0m  [01;34mEx4[0m  Makefile  Note.txt  README.md  hello.cpp  script  typescript
]0;~/MainDirectoryFolder/CISC-3142[01;34m~/MainDirectoryFolder/CISC-3142[00m$ cd Makefile
bash: cd: Makefile: Not a directory
]0;~/MainDirectoryFolder/CISC-3142[01;34m~/MainDirectoryFolder/CISC-3142[00m$ git push -A
error: unknown switch `A'
usage: git push [<options>] [<repository> [<refspec>...]]

    -v, --verbose         be more verbose
    -q, --quiet           be more quiet
    --repo <repository>   repository
    --all                 push all refs
    --mirror              mirror all refs
    -d, --delete          delete refs
    --tags                push tags (can't be used with --all or --mirror)
    -n, --dry-run         dry run
    --porcelain           machine-readable output
    -f, --force           force updates
    --force-with-lease[=<refname>:<expect>]
                          require old value of ref to be at this value
    --recurse-submodules[=(check|on-demand|no)]
                          control recursive pushing of submodules
    --thin                use thin pack
    --receive-pack <receive-pack>
                          receive pack program
    --exec <receive-pack>
                          receive pack program
    -u, --set-upstream    set upstream for git pull/status
    --progress            force progress reporting
    --prune               prune locally removed refs
    --no-verify           bypass pre-push hook
    --follow-tags         push missing but relevant tags
    --signed[=(yes|no|if-asked)]
                          GPG sign the push
    --atomic              request atomic transaction on remote side
    -o, --push-option <server-specific>
                          option to transmit
    -4, --ipv4            use IPv4 addresses only
    -6, --ipv6            use IPv6 addresses only

]0;~/MainDirectoryFolder/CISC-3142[01;34m~/MainDirectoryFolder/CISC-3142[00m$ git add iA
fatal: pathspec 'iA' did not match any files
]0;~/MainDirectoryFolder/CISC-3142[01;34m~/MainDirectoryFolder/CISC-3142[00m$ git add -A
]0;~/MainDirectoryFolder/CISC-3142[01;34m~/MainDirectoryFolder/CISC-3142[00m$ git add -u
]0;~/MainDirectoryFolder/CISC-3142[01;34m~/MainDirectoryFolder/CISC-3142[00m$ git push
Everything up-to-date
]0;~/MainDirectoryFolder/CISC-3142[01;34m~/MainDirectoryFolder/CISC-3142[00m$ git commit [K[K[K[K[K[K[K[K[K[K[Kgit status
On branch main
Your branch is up to date with 'origin/main'.

Changes to be committed:
  (use "git restore --staged <file>..." to unstage)
	[32mnew file:   Ex4/README.md[m
	[32mnew file:   Ex4/logs/script-2022-09-28.log[m
	[32mnew file:   Ex4/logs/script-2022-10-02.log[m
	[32mnew file:   Ex4/logs/time-2022-09-28.txt[m
	[32mnew file:   Ex4/logs/time-2022-10-02.txt[m
	[32mnew file:   Ex4/src/Ex3.17.cpp[m
	[32mnew file:   Ex4/src/Ex3.23.cpp[m
	[32mnew file:   Ex4/src/Ex4.28.cpp[m
	[32mnew file:   Ex4/src/Nutrition.cpp[m
	[32mnew file:   Ex4/src/inflation.cpp[m
	[32mmodified:   Makefile[m
	[32mnew file:   script[m
	[32mnew file:   typescript[m

]0;~/MainDirectoryFolder/CISC-3142[01;34m~/MainDirectoryFolder/CISC-3142[00m$ git commit -m "Ex4[K 4 commi[K[K[K[K[Kand a[K[K[K[K[Kcompleted [K[Kd, makefile trouble running will fix soon."[K[K, [K[K."
[main 46c55ae] Ex 4 completed, makefile trouble running will fix soon.
 13 files changed, 641 insertions(+), 4 deletions(-)
 create mode 100644 Ex4/README.md
 create mode 100644 Ex4/logs/script-2022-09-28.log
 create mode 100644 Ex4/logs/script-2022-10-02.log
 create mode 100644 Ex4/logs/time-2022-09-28.txt
 create mode 100644 Ex4/logs/time-2022-10-02.txt
 create mode 100644 Ex4/src/Ex3.17.cpp
 create mode 100644 Ex4/src/Ex3.23.cpp
 create mode 100644 Ex4/src/Ex4.28.cpp
 create mode 100644 Ex4/src/Nutrition.cpp
 create mode 100644 Ex4/src/inflation.cpp
 rewrite Makefile (66%)
 create mode 100644 script
 create mode 100644 typescript
]0;~/MainDirectoryFolder/CISC-3142[01;34m~/MainDirectoryFolder/CISC-3142[00m$ git push
Enumerating objects: 16, done.
Counting objects:   6% (1/16)Counting objects:  12% (2/16)Counting objects:  18% (3/16)Counting objects:  25% (4/16)Counting objects:  31% (5/16)Counting objects:  37% (6/16)Counting objects:  43% (7/16)Counting objects:  50% (8/16)Counting objects:  56% (9/16)Counting objects:  62% (10/16)Counting objects:  68% (11/16)Counting objects:  75% (12/16)Counting objects:  81% (13/16)Counting objects:  87% (14/16)Counting objects:  93% (15/16)Counting objects: 100% (16/16)Counting objects: 100% (16/16), done.
Delta compression using up to 4 threads
Compressing objects:   7% (1/14)Compressing objects:  14% (2/14)Compressing objects:  21% (3/14)Compressing objects:  28% (4/14)Compressing objects:  35% (5/14)Compressing objects:  42% (6/14)Compressing objects:  50% (7/14)Compressing objects:  57% (8/14)Compressing objects:  64% (9/14)Compressing objects:  71% (10/14)Compressing objects:  78% (11/14)Compressing objects:  85% (12/14)Compressing objects:  92% (13/14)Compressing objects: 100% (14/14)Compressing objects: 100% (14/14), done.
Writing objects:   7% (1/14)Writing objects:  14% (2